
> subscription-billing-api@1.0.0 test
> node --experimental-vm-modules node_modules/jest/bin/jest.js

  console.log
    Database initialized successfully

      at src/database.js:16:13

node.exe : (node:21824) 
ExperimentalWarning: VM 
Modules is an 
experimental feature and 
might change at any time
At line:1 char:1
+ & "C:\Program 
Files\nodejs/node.exe" "C:
\Users\galan\AppData\Roami
ng\ ...
+ ~~~~~~~~~~~~~~~~~~~~~~~~
~~~~~~~~~~~~~~~~~~~~~~~~~~
~~~~~~~~~~~~~~~~~~~
    + CategoryInfo        
      : NotSpecified: ((  
  node:21824) Ex...nge    
 at any time:String) [    
], RemoteException
    + FullyQualifiedError 
   Id : NativeCommandErr  
  or
 
(Use `node 
--trace-warnings ...` to 
show where the warning 
was created)
[31merror[39m: Registration error {"error":"JWT_SECRET environment variable is required","timestamp":"2025-12-12T19:56:18.259Z"}
[31merror[39m: Login error {"error":"JWT_SECRET environment variable is required","timestamp":"2025-12-12T19:56:18.438Z"}
FAIL tests/auth.test.js
  Auth Endpoints
    POST /auth/register
      ├Ω should register 
a new merchant (209 ms)
      έΙγ should reject 
duplicate username (19 ms)
      έΙγ should reject 
incomplete data (17 ms)
    POST /auth/login
      ├Ω should login 
with valid credentials 
(110 ms)
      έΙγ should reject 
invalid credentials (111 
ms)

  έΩΠ Auth Endpoints έΑ║ 
POST /auth/register έΑ║ 
should register a new 
merchant

    expect(received).toBe(
expected) // Object.is 
equality

    Expected: 201
    Received: 500

    [0m [90m 27 |[39m  
               [33m.[39m
send(testUser)[33m;[39m
     [90m 28 |[39m
    
[31m[1m>[22m[39m[90m 
29 |[39m             expe
ct(response[33m.[39mstat
us)[33m.[39mtoBe([35m20
1[39m)[33m;[39m
     [90m    |[39m      
                          
     [31m[1m^[22m[39m
     [90m 30 |[39m      
       expect(response[33
m.[39mbody)[33m.[39mtoH
aveProperty([32m'message'
[39m[33m,[39m 
[32m'Merchant registered 
successfully'[39m)[33m;
[39m
     [90m 31 |[39m      
       expect(response[33
m.[39mbody)[33m.[39mtoH
aveProperty([32m'merchant
'[39m)[33m;[39m
     [90m 32 |[39m      
       expect(response[33
m.[39mbody[33m.[39mmerc
hant)[33m.[39mtoHaveProp
erty([32m'id'[39m)[33m;
[39m[0m

      at 
Object.<anonymous> 
(tests/auth.test.js:29:37)

  έΩΠ Auth Endpoints έΑ║ 
POST /auth/login έΑ║ 
should login with valid 
credentials

    expect(received).toBe(
expected) // Object.is 
equality

    Expected: 200
    Received: 500

    [0m [90m 60 |[39m  
               
})[33m;[39m
     [90m 61 |[39m
    
[31m[1m>[22m[39m[90m 
62 |[39m             expe
ct(response[33m.[39mstat
us)[33m.[39mtoBe([35m20
0[39m)[33m;[39m
     [90m    |[39m      
                          
     [31m[1m^[22m[39m
     [90m 63 |[39m      
       expect(response[33
m.[39mbody)[33m.[39mtoH
aveProperty([32m'token'[
39m)[33m;[39m
     [90m 64 |[39m      
       expect(response[33
m.[39mbody)[33m.[39mtoH
aveProperty([32m'merchant
'[39m)[33m;[39m
     [90m 65 |[39m      
       expect(response[33
m.[39mbody[33m.[39mmerc
hant)[33m.[39mtoHaveProp
erty([32m'username'[39m
[33m,[39m testUser[33m.
[39musername)[33m;[39m[
0m

      at 
Object.<anonymous> 
(tests/auth.test.js:62:37)

Test Suites: 1 failed, 1 
total
Tests:       2 failed, 3 
passed, 5 total
Snapshots:   0 total
Time:        3.014 s, 
estimated 4 s
Ran all test suites.
